[   55019ms] TypeError: Cannot read properties of undefined (reading 'label')
    at https://www.topluong.com/_next/static/chunks/11mlvn-_uup~f.js:56:9418
    at ay (https://www.topluong.com/_next/static/chunks/10u3y4bw1ayzs.js:1:63845)
    at oJ (https://www.topluong.com/_next/static/chunks/10u3y4bw1ayzs.js:1:84102)
    at iu (https://www.topluong.com/_next/static/chunks/10u3y4bw1ayzs.js:1:95704)
    at sd (https://www.topluong.com/_next/static/chunks/10u3y4bw1ayzs.js:1:138944)
    at https://www.topluong.com/_next/static/chunks/10u3y4bw1ayzs.js:1:138789
    at sf (https://www.topluong.com/_next/static/chunks/10u3y4bw1ayzs.js:1:138797)
    at se (https://www.topluong.com/_next/static/chunks/10u3y4bw1ayzs.js:1:134718)
    at s$ (https://www.topluong.com/_next/static/chunks/10u3y4bw1ayzs.js:1:160495)
    at MessagePort.O (https://www.topluong.com/_next/static/chunks/10u3y4bw1ayzs.js:1:8660)
[  101755ms] TypeError: Cannot read properties of undefined (reading 'label')
    at https://www.topluong.com/_next/static/chunks/11mlvn-_uup~f.js:56:9418
    at ay (https://www.topluong.com/_next/static/chunks/10u3y4bw1ayzs.js:1:63845)
    at oJ (https://www.topluong.com/_next/static/chunks/10u3y4bw1ayzs.js:1:84102)
    at iu (https://www.topluong.com/_next/static/chunks/10u3y4bw1ayzs.js:1:95704)
    at sd (https://www.topluong.com/_next/static/chunks/10u3y4bw1ayzs.js:1:138944)
    at https://www.topluong.com/_next/static/chunks/10u3y4bw1ayzs.js:1:138789
    at sf (https://www.topluong.com/_next/static/chunks/10u3y4bw1ayzs.js:1:138797)
    at se (https://www.topluong.com/_next/static/chunks/10u3y4bw1ayzs.js:1:134718)
    at s$ (https://www.topluong.com/_next/static/chunks/10u3y4bw1ayzs.js:1:160495)
    at MessagePort.O (https://www.topluong.com/_next/static/chunks/10u3y4bw1ayzs.js:1:8660)
[  133869ms] TypeError: Cannot read properties of undefined (reading 'label')
    at https://www.topluong.com/_next/static/chunks/11mlvn-_uup~f.js:56:9418
    at ay (https://www.topluong.com/_next/static/chunks/10u3y4bw1ayzs.js:1:63845)
    at oJ (https://www.topluong.com/_next/static/chunks/10u3y4bw1ayzs.js:1:84102)
    at iu (https://www.topluong.com/_next/static/chunks/10u3y4bw1ayzs.js:1:95704)
    at sd (https://www.topluong.com/_next/static/chunks/10u3y4bw1ayzs.js:1:138944)
    at https://www.topluong.com/_next/static/chunks/10u3y4bw1ayzs.js:1:138789
    at sf (https://www.topluong.com/_next/static/chunks/10u3y4bw1ayzs.js:1:138797)
    at se (https://www.topluong.com/_next/static/chunks/10u3y4bw1ayzs.js:1:134718)
    at s$ (https://www.topluong.com/_next/static/chunks/10u3y4bw1ayzs.js:1:160495)
    at MessagePort.O (https://www.topluong.com/_next/static/chunks/10u3y4bw1ayzs.js:1:8660)
[  134294ms] TypeError: Cannot read properties of undefined (reading 'label')
    at https://www.topluong.com/_next/static/chunks/11mlvn-_uup~f.js:56:9418
    at ay (https://www.topluong.com/_next/static/chunks/10u3y4bw1ayzs.js:1:63845)
    at oJ (https://www.topluong.com/_next/static/chunks/10u3y4bw1ayzs.js:1:84102)
    at iu (https://www.topluong.com/_next/static/chunks/10u3y4bw1ayzs.js:1:95704)
    at sd (https://www.topluong.com/_next/static/chunks/10u3y4bw1ayzs.js:1:138944)
    at https://www.topluong.com/_next/static/chunks/10u3y4bw1ayzs.js:1:138789
    at sf (https://www.topluong.com/_next/static/chunks/10u3y4bw1ayzs.js:1:138797)
    at se (https://www.topluong.com/_next/static/chunks/10u3y4bw1ayzs.js:1:134718)
    at s$ (https://www.topluong.com/_next/static/chunks/10u3y4bw1ayzs.js:1:160495)
    at MessagePort.O (https://www.topluong.com/_next/static/chunks/10u3y4bw1ayzs.js:1:8660)
